[33m>[39m Building...
[32m√[39m Building...
[1mInitial chunk files[22m[2m | [22m[1mNames[22m                   [2m | [22m [1mRaw size[22m
[32mmain.js[39m            [2m | [22m[2mmain[22m                    [2m | [22m [36m20.89 kB[39m[2m | [22m
[32mchunk-V74UKCSG.js[39m  [2m | [22m[2m-[22m                       [2m | [22m  [36m3.75 kB[39m[2m | [22m
[32mstyles.css[39m         [2m | [22m[2mstyles[22m                  [2m | [22m[36m126 bytes[39m[2m | [22m

[1m [22m                  [2m | [22m[1mInitial total[22m           [2m | [22m [1m24.76 kB[22m

[1mLazy chunk files[22m   [2m | [22m[1mNames[22m                   [2m | [22m [1mRaw size[22m
[32mchunk-MUAU6XGZ.js[39m  [2m | [22m[2mchantiers-component[22m     [2m | [22m [36m63.73 kB[39m[2m | [22m
[32mchunk-O7C77OBO.js[39m  [2m | [22m[2mrapport-ia-component[22m    [2m | [22m [36m53.86 kB[39m[2m | [22m
[32mchunk-C7S273RW.js[39m  [2m | [22m[2mcomptabilite-component[22m  [2m | [22m [36m49.76 kB[39m[2m | [22m
[32mchunk-WMMILICI.js[39m  [2m | [22m[2mengins-component[22m        [2m | [22m [36m48.12 kB[39m[2m | [22m
[32mchunk-FEYGA24O.js[39m  [2m | [22m[2mparametres-component[22m    [2m | [22m [36m47.53 kB[39m[2m | [22m
[32mchunk-DTE3TWW5.js[39m  [2m | [22m[2msous-traitants-component[22m[2m | [22m [36m47.27 kB[39m[2m | [22m
[32mchunk-2BH46YI5.js[39m  [2m | [22m[2mmateriaux-component[22m     [2m | [22m [36m46.80 kB[39m[2m | [22m
[32mchunk-LMS7CLEG.js[39m  [2m | [22m[2mpersonnel-component[22m     [2m | [22m [36m46.55 kB[39m[2m | [22m
[32mchunk-CGBZX3ZA.js[39m  [2m | [22m[2mdevis-component[22m         [2m | [22m [36m45.45 kB[39m[2m | [22m
[32mchunk-7M65EDUZ.js[39m  [2m | [22m[2mdashboard-component[22m     [2m | [22m [36m34.98 kB[39m[2m | [22m
[32mchunk-ENT5AUPY.js[39m  [2m | [22m[2mconnexion-component[22m     [2m | [22m [36m20.48 kB[39m[2m | [22m
[32mchunk-Z44K7LWM.js[39m  [2m | [22m[2m-[22m                       [2m | [22m  [36m1.49 kB[39m[2m | [22m

Application bundle generation complete. [21.059 seconds] - 2026-05-01T06:36:05.038Z

Watch mode enabled. Watching for file changes...
NOTE: Raw file sizes do not reflect development server per-request transformations.
[2m08:36:05[22m [36m[1m[vite][22m[39m [90m[2m(client)[22m[39m Re-optimizing dependencies because vite config has changed
  [32m➜[39m  [1mLocal[22m:   [36mhttp://localhost:[1m4204[22m/[39m
